To honour the JVM settings for this build a single-use Daemon process will be forked. For more on this, please refer to https://docs.gradle.org/8.11.1/userguide/gradle_daemon.html#sec:disabling_the_daemon in the Gradle documentation.
Daemon JVM discovery is an incubating feature.
Daemon will be stopped at the end of the build 
> Task :app:preBuild UP-TO-DATE
> Task :app:preDebugBuild UP-TO-DATE
> Task :app:mergeDebugNativeDebugMetadata NO-SOURCE
> Task :app:checkKotlinGradlePluginConfigurationErrors SKIPPED
> Task :app:generateDebugBuildConfig UP-TO-DATE
> Task :app:checkDebugAarMetadata UP-TO-DATE
> Task :app:generateDebugResValues UP-TO-DATE
> Task :app:mapDebugSourceSetPaths UP-TO-DATE
> Task :app:generateDebugResources UP-TO-DATE
> Task :app:mergeDebugResources UP-TO-DATE
> Task :app:packageDebugResources UP-TO-DATE
> Task :app:parseDebugLocalResources UP-TO-DATE
> Task :app:createDebugCompatibleScreenManifests UP-TO-DATE
> Task :app:extractDeepLinksDebug UP-TO-DATE
> Task :app:processDebugMainManifest UP-TO-DATE
> Task :app:processDebugManifest UP-TO-DATE
> Task :app:processDebugManifestForPackage UP-TO-DATE
> Task :app:processDebugResources UP-TO-DATE
> Task :app:kaptGenerateStubsDebugKotlin UP-TO-DATE
> Task :app:javaPreCompileDebug UP-TO-DATE
> Task :app:mergeDebugShaders UP-TO-DATE
> Task :app:compileDebugShaders NO-SOURCE
> Task :app:generateDebugAssets UP-TO-DATE
> Task :app:mergeDebugAssets UP-TO-DATE
> Task :app:compressDebugAssets UP-TO-DATE
> Task :app:checkDebugDuplicateClasses UP-TO-DATE
> Task :app:desugarDebugFileDependencies UP-TO-DATE
> Task :app:mergeExtDexDebug UP-TO-DATE
> Task :app:mergeLibDexDebug UP-TO-DATE
> Task :app:mergeDebugJniLibFolders UP-TO-DATE
> Task :app:mergeDebugNativeLibs NO-SOURCE
> Task :app:stripDebugDebugSymbols NO-SOURCE
> Task :app:validateSigningDebug UP-TO-DATE
> Task :app:writeDebugAppMetadata UP-TO-DATE
> Task :app:writeDebugSigningConfigVersions UP-TO-DATE
.\gradlew : WARNING: An illegal reflective access 
operation has occurred
Au caractère Ligne:1 : 1
+ .\gradlew assembleDebug --no-daemon > 
build_output.txt 2>&1
+ ~~~~~~~~~~~~~~~~~~~~~~~~~~~~~~~~~~~~~~~~~~~~~~~~~~~~~~
~~~~~
    + CategoryInfo          : NotSpecified: (WARNING: A 
   n ill...on has occurred:String) [], RemoteException
    + FullyQualifiedErrorId : NativeCommandError
 
WARNING: Illegal reflective access by org.jetbrains.kotl
in.kapt3.base.util.ModuleManipulationUtilsKt (file:/C:/U
sers/randomfriday/.gradle/caches/modules-2/files-2.1/org
.jetbrains.kotlin/kotlin-annotation-processing-gradle/2.
0.21/b3be9823176d79cb0fc710e77309cfe599be9abf/kotlin-ann
otation-processing-gradle-2.0.21.jar) to constructor 
com.sun.tools.javac.util.Context()
WARNING: Please consider reporting this to the 
maintainers of org.jetbrains.kotlin.kapt3.base.util.Modu
leManipulationUtilsKt
WARNING: Use --illegal-access=warn to enable warnings 
of further illegal reflective access operations
WARNING: All illegal access operations will be denied 
in a future release

> Task :app:kaptDebugKotlin
java.nio.file.AccessDeniedException: C:\WINDOWS\sqlite-3
.41.2.2-ef0e76de-069e-4c1b-977f-42dbc5724b15-sqlitejdbc.
dll.lck
	at java.base/sun.nio.fs.WindowsException.translateToIOE
xception(WindowsException.java:89)
	at java.base/sun.nio.fs.WindowsException.rethrowAsIOExc
eption(WindowsException.java:103)
	at java.base/sun.nio.fs.WindowsException.rethrowAsIOExc
eption(WindowsException.java:108)
	at java.base/sun.nio.fs.WindowsFileSystemProvider.newBy
teChannel(WindowsFileSystemProvider.java:235)
	at java.base/java.nio.file.Files.newByteChannel(Files.j
ava:371)
	at 
java.base/java.nio.file.Files.createFile(Files.java:648)
	at org.sqlite.SQLiteJDBCLoader.extractAndLoadLibraryFil
e(SQLiteJDBCLoader.java:214)
	at org.sqlite.SQLiteJDBCLoader.loadSQLiteNativeLibrary(
SQLiteJDBCLoader.java:338)
	at org.sqlite.SQLiteJDBCLoader.initialize(SQLiteJDBCLoa
der.java:72)
	at androidx.room.verifier.DatabaseVerifier.<clinit>(Dat
abaseVerifier.kt:79)
	at androidx.room.processor.DatabaseProcessor.doProcess(
DatabaseProcessor.kt:81)
	at androidx.room.processor.DatabaseProcessor.process(Da
tabaseProcessor.kt:60)
	at androidx.room.DatabaseProcessingStep$process$databas
es$1$1.invoke(DatabaseProcessingStep.kt:68)
	at androidx.room.DatabaseProcessingStep$process$databas
es$1$1.invoke(DatabaseProcessingStep.kt:64)
	at androidx.room.processor.Context.collectLogs(Context.
kt:192)
	at androidx.room.DatabaseProcessingStep.process(Databas
eProcessingStep.kt:64)
	at androidx.room.compiler.processing.CommonProcessorDel
egate.processRound(XBasicAnnotationProcessor.kt:130)
	at androidx.room.compiler.processing.javac.JavacBasicAn
notationProcessor.process(JavacBasicAnnotationProcessor.
kt:73)
	at org.jetbrains.kotlin.kapt3.base.incremental.Incremen
talProcessor.process(incrementalProcessors.kt:90)
	at org.jetbrains.kotlin.kapt3.base.ProcessorWrapper.pro
cess(annotationProcessing.kt:216)
	at jdk.compiler/com.sun.tools.javac.processing.JavacPro
cessingEnvironment.callProcessor(JavacProcessingEnvironm
ent.java:985)
	at jdk.compiler/com.sun.tools.javac.processing.JavacPro
cessingEnvironment.discoverAndRunProcs(JavacProcessingEn
vironment.java:901)
	at jdk.compiler/com.sun.tools.javac.processing.JavacPro
cessingEnvironment$Round.run(JavacProcessingEnvironment.
java:1227)
	at jdk.compiler/com.sun.tools.javac.processing.JavacPro
cessingEnvironment.doProcessing(JavacProcessingEnvironme
nt.java:1340)
	at jdk.compiler/com.sun.tools.javac.main.JavaCompiler.p
rocessAnnotations(JavaCompiler.java:1254)
	at java.base/jdk.internal.reflect.NativeMethodAccessorI
mpl.invoke0(Native Method)
	at java.base/jdk.internal.reflect.NativeMethodAccessorI
mpl.invoke(NativeMethodAccessorImpl.java:62)
	at java.base/jdk.internal.reflect.DelegatingMethodAcces
sorImpl.invoke(DelegatingMethodAccessorImpl.java:43)
	at java.base/java.lang.reflect.Method.invoke(Method.jav
a:566)
	at org.jetbrains.kotlin.kapt3.base.AnnotationProcessing
Kt.doAnnotationProcessing(annotationProcessing.kt:97)
	at org.jetbrains.kotlin.kapt3.base.AnnotationProcessing
Kt.doAnnotationProcessing(annotationProcessing.kt:36)
	at 
org.jetbrains.kotlin.kapt3.base.Kapt.kapt(Kapt.kt:46)
	at java.base/jdk.internal.reflect.NativeMethodAccessorI
mpl.invoke0(Native Method)
	at java.base/jdk.internal.reflect.NativeMethodAccessorI
mpl.invoke(NativeMethodAccessorImpl.java:62)
	at java.base/jdk.internal.reflect.DelegatingMethodAcces
sorImpl.invoke(DelegatingMethodAccessorImpl.java:43)
	at java.base/java.lang.reflect.Method.invoke(Method.jav
a:566)
	at org.jetbrains.kotlin.gradle.internal.KaptExecution.r
un(KaptWithoutKotlincTask.kt:325)
	at org.jetbrains.kotlin.gradle.internal.KaptWithoutKotl
incTask$KaptExecutionWorkAction.execute(KaptWithoutKotli
ncTask.kt:266)
	at org.gradle.workers.internal.DefaultWorkerServer.exec
ute(DefaultWorkerServer.java:63)
	at org.gradle.workers.internal.AbstractClassLoaderWorke
r$1.create(AbstractClassLoaderWorker.java:54)
	at org.gradle.workers.internal.AbstractClassLoaderWorke
r$1.create(AbstractClassLoaderWorker.java:48)
	at org.gradle.internal.classloader.ClassLoaderUtils.exe
cuteInClassloader(ClassLoaderUtils.java:100)
	at org.gradle.workers.internal.AbstractClassLoaderWorke
r.executeInClassLoader(AbstractClassLoaderWorker.java:48
)
	at org.gradle.workers.internal.IsolatedClassloaderWorke
r.run(IsolatedClassloaderWorker.java:49)
	at org.gradle.workers.internal.IsolatedClassloaderWorke
r.run(IsolatedClassloaderWorker.java:30)
	at org.gradle.workers.internal.WorkerDaemonServer.run(W
orkerDaemonServer.java:103)
	at org.gradle.workers.internal.WorkerDaemonServer.run(W
orkerDaemonServer.java:72)
	at org.gradle.process.internal.worker.request.WorkerAct
ion$1.call(WorkerAction.java:152)
	at org.gradle.process.internal.worker.child.WorkerLogEv
entListener.withWorkerLoggingProtocol(WorkerLogEventList
ener.java:41)
	at org.gradle.process.internal.worker.request.WorkerAct
ion.lambda$run$1(WorkerAction.java:149)
	at org.gradle.internal.operations.CurrentBuildOperation
Ref.with(CurrentBuildOperationRef.java:85)
	at org.gradle.process.internal.worker.request.WorkerAct
ion.run(WorkerAction.java:141)
	at java.base/jdk.internal.reflect.NativeMethodAccessorI
mpl.invoke0(Native Method)
	at java.base/jdk.internal.reflect.NativeMethodAccessorI
mpl.invoke(NativeMethodAccessorImpl.java:62)
	at java.base/jdk.internal.reflect.DelegatingMethodAcces
sorImpl.invoke(DelegatingMethodAccessorImpl.java:43)
	at java.base/java.lang.reflect.Method.invoke(Method.jav
a:566)
	at org.gradle.internal.dispatch.ReflectionDispatch.disp
atch(ReflectionDispatch.java:36)
	at org.gradle.internal.dispatch.ReflectionDispatch.disp
atch(ReflectionDispatch.java:24)
	at org.gradle.internal.remote.internal.hub.MessageHubBa
ckedObjectConnection$DispatchWrapper.dispatch(MessageHub
BackedObjectConnection.java:182)
	at org.gradle.internal.remote.internal.hub.MessageHubBa
ckedObjectConnection$DispatchWrapper.dispatch(MessageHub
BackedObjectConnection.java:164)
	at org.gradle.internal.remote.internal.hub.MessageHub$H
andler.run(MessageHub.java:414)
	at org.gradle.internal.concurrent.ExecutorPolicy$CatchA
ndRecordFailures.onExecute(ExecutorPolicy.java:64)
	at org.gradle.internal.concurrent.AbstractManagedExecut
or$1.run(AbstractManagedExecutor.java:48)
	at java.base/java.util.concurrent.ThreadPoolExecutor.ru
nWorker(ThreadPoolExecutor.java:1128)
	at java.base/java.util.concurrent.ThreadPoolExecutor$Wo
rker.run(ThreadPoolExecutor.java:628)
	at java.base/java.lang.Thread.run(Thread.java:829)

> Task :app:kaptDebugKotlin FAILED

FAILURE: Build failed with an exception.

* What went wrong:
Execution failed for task ':app:kaptDebugKotlin'.
> A failure occurred while executing org.jetbrains.kotli
n.gradle.internal.KaptWithoutKotlincTask$KaptExecutionWo
rkAction

* Try:
> Run with --stacktrace option to get the stack trace.
> Run with --info or --debug option to get more log 
output.
> Run with --scan to get full insights.
> Get more help at https://help.gradle.org.

BUILD FAILED in 18s
28 actionable tasks: 1 executed, 27 up-to-date
